2025-07-18 06:53:46 +0000  Initial pipeline context: <IDEDistributionProcessingPipelineContext: 0x111431fe0; archive(resolved)="<IDEArchive: 0x6000150ba1b0>", distributionTask(resolved)="2", distributionDestination(resolved)="2", distributionMethod(resolved)="<IDEDistributionMethodiOSAppStoreDistribution: 0x600007a6f2b0>", team(resolved)="<IDEProvisioningDisambiguatableBasicTeam: 0x600006dc5440; teamID='456SHKPP26', teamName='SANITY ISLAND LLC', teamType='Company', username='intransigenthodl@protonmail.com', isFreeProvisioningTeam='0'>">
	Chain (17, self inclusive):
	<IDEDistributionProcessingPipelineContext: 0x111431fe0; archive = "<IDEArchive: 0x6000150ba1b0>", distributionMethod="<IDEDistributionMethodiOSAppStoreDistribution: 0x600007a6f2b0>", team="<IDEProvisioningDisambiguatableBasicTeam: 0x600006dc5440; teamID='456SHKPP26', teamName='SANITY ISLAND LLC', teamType='Company', username='intransigenthodl@protonmail.com', isFreeProvisioningTeam='0'>">
	<IDEDistributionProcessingPipelineContext: 0x11e98fe60; archive = "<IDEArchive: 0x6000150ba1b0>", distributionMethod="<IDEDistributionMethodiOSAppStoreDistribution: 0x600007a6f2b0>", team="<IDEProvisioningDisambiguatableBasicTeam: 0x600006dc5440; teamID='456SHKPP26', teamName='SANITY ISLAND LLC', teamType='Company', username='intransigenthodl@protonmail.com', isFreeProvisioningTeam='0'>">
	<IDEDistributionContext: 0x365b8e880; archive = "<IDEArchive: 0x6000150ba1b0>", distributionMethod="<IDEDistributionMethodiOSAppStoreDistribution: 0x600007a6f2b0>", team="<IDEProvisioningDisambiguatableBasicTeam: 0x600006dc5440; teamID='456SHKPP26', teamName='SANITY ISLAND LLC', teamType='Company', username='intransigenthodl@protonmail.com', isFreeProvisioningTeam='0'>">
	<IDEDistributionContext: 0x30faebfc0; archive = "<IDEArchive: 0x6000150ba1b0>", distributionMethod="<IDEDistributionMethodiOSAppStoreDistribution: 0x600007a6f2b0>", team="<IDEProvisioningDisambiguatableBasicTeam: 0x600006dc5440; teamID='456SHKPP26', teamName='SANITY ISLAND LLC', teamType='Company', username='intransigenthodl@protonmail.com', isFreeProvisioningTeam='0'>">
	<IDEDistributionContext: 0x3795b5a80; archive = "<IDEArchive: 0x6000150ba1b0>", distributionMethod="<IDEDistributionMethodiOSAppStoreDistribution: 0x600007a6f2b0>", team="<IDEProvisioningDisambiguatableBasicTeam: 0x600006dc5440; teamID='456SHKPP26', teamName='SANITY ISLAND LLC', teamType='Company', username='intransigenthodl@protonmail.com', isFreeProvisioningTeam='0'>">
	<IDEDistributionContext: 0x11e98dc00; archive = "<IDEArchive: 0x6000150ba1b0>", distributionMethod="<IDEDistributionMethodiOSAppStoreDistribution: 0x600007a6f2b0>", team="<IDEProvisioningDisambiguatableBasicTeam: 0x600006dc5440; teamID='456SHKPP26', teamName='SANITY ISLAND LLC', teamType='Company', username='intransigenthodl@protonmail.com', isFreeProvisioningTeam='0'>">
	<IDEDistributionContext: 0x30fa14f30; archive = "<IDEArchive: 0x6000150ba1b0>", distributionMethod="<IDEDistributionMethodiOSAppStoreDistribution: 0x600007a6f2b0>", team="<IDEProvisioningDisambiguatableBasicTeam: 0x600006dc5440; teamID='456SHKPP26', teamName='SANITY ISLAND LLC', teamType='Company', username='intransigenthodl@protonmail.com', isFreeProvisioningTeam='0'>">
	<IDEDistributionContext: 0x3795b5220; archive = "<IDEArchive: 0x6000150ba1b0>", distributionMethod="<IDEDistributionMethodiOSAppStoreDistribution: 0x600007a6f2b0>", team="<IDEProvisioningDisambiguatableBasicTeam: 0x600006dc5440; teamID='456SHKPP26', teamName='SANITY ISLAND LLC', teamType='Company', username='intransigenthodl@protonmail.com', isFreeProvisioningTeam='0'>">
	<IDEDistributionContext: 0x36db96220; archive = "<IDEArchive: 0x6000150ba1b0>", distributionMethod="<IDEDistributionMethodiOSAppStoreDistribution: 0x600007a6f2b0>", team="<IDEProvisioningDisambiguatableBasicTeam: 0x600006dc5440; teamID='456SHKPP26', teamName='SANITY ISLAND LLC', teamType='Company', username='intransigenthodl@protonmail.com', isFreeProvisioningTeam='0'>">
	<IDEDistributionContext: 0x30de469e0; archive = "<IDEArchive: 0x6000150ba1b0>", distributionMethod="<IDEDistributionMethodiOSAppStoreDistribution: 0x600007a6f2b0>", team="<IDEProvisioningDisambiguatableBasicTeam: 0x600006dc5440; teamID='456SHKPP26', teamName='SANITY ISLAND LLC', teamType='Company', username='intransigenthodl@protonmail.com', isFreeProvisioningTeam='0'>">
	<IDEDistributionContext: 0x142fff8e0; archive = "<IDEArchive: 0x6000150ba1b0>", distributionMethod="<IDEDistributionMethodiOSAppStoreDistribution: 0x600007a6f2b0>", team="<IDEProvisioningDisambiguatableBasicTeam: 0x600006dc5440; teamID='456SHKPP26', teamName='SANITY ISLAND LLC', teamType='Company', username='intransigenthodl@protonmail.com', isFreeProvisioningTeam='0'>">
	<IDEDistributionContext: 0x366f95c00; archive = "<IDEArchive: 0x6000150ba1b0>", distributionMethod="<IDEDistributionMethodiOSAppStoreDistribution: 0x600007a6f2b0>", team="<IDEProvisioningDisambiguatableBasicTeam: 0x600006dc5440; teamID='456SHKPP26', teamName='SANITY ISLAND LLC', teamType='Company', username='intransigenthodl@protonmail.com', isFreeProvisioningTeam='0'>">
	<IDEDistributionContext: 0x10d328b40; archive = "<IDEArchive: 0x6000150ba1b0>", distributionMethod="<IDEDistributionMethodiOSAppStoreDistribution: 0x600007a6f2b0>", team="(null)">
	<IDEDistributionContext: 0x36e7cdf10; archive = "<IDEArchive: 0x6000150ba1b0>", distributionMethod="<IDEDistributionMethodiOSAppStoreDistribution: 0x600007a6f2b0>", team="(null)">
	<IDEDistributionContext: 0x111477b20; archive = "<IDEArchive: 0x6000150ba1b0>", distributionMethod="(null)", team="(null)">
	<IDEDistributionContext: 0x1114a8580; archive = "<IDEArchive: 0x6000150ba1b0>", distributionMethod="(null)", team="(null)">
	<IDEDistributionContext: 0x11e92ce00; archive = "<IDEArchive: 0x6000150ba1b0>", distributionMethod="(null)", team="(null)">
</IDEDistributionProcessingPipelineContext: 0x111431fe0>
2025-07-18 06:53:46 +0000  Processing step: IDEDistributionCreateDestRootStep
2025-07-18 06:53:46 +0000  Processing step: IDEDistributionCopyItemStep
2025-07-18 06:53:46 +0000  Running /usr/bin/ditto '-V' '/Users/pablofernandez/Library/Developer/Xcode/Archives/2025-07-18/NutsackiOS 7-18-25, 7.52 AM.xcarchive/Products/Applications/Nutsack.app' '/var/folders/bl/w2vvyf7n0sq2vrh10pg8bd4h0000gn/T/XcodeDistPipeline.~~~Jt8AFX/Root/Payload/Nutsack.app'
2025-07-18 06:53:46 +0000  >>> Copying /Users/pablofernandez/Library/Developer/Xcode/Archives/2025-07-18/NutsackiOS 7-18-25, 7.52 AM.xcarchive/Products/Applications/Nutsack.app 
2025-07-18 06:53:46 +0000  copying file ./_CodeSignature/CodeResources ... 
2025-07-18 06:53:46 +0000  5213 bytes for ./_CodeSignature/CodeResources
2025-07-18 06:53:46 +0000  copying file ./QR_CODE_IMPROVEMENTS.md ... 
2025-07-18 06:53:46 +0000  1856 bytes for ./QR_CODE_IMPROVEMENTS.md
2025-07-18 06:53:46 +0000  copying file ./AppIcon60x60@2x.png ... 
2025-07-18 06:53:46 +0000  3218 bytes for ./AppIcon60x60@2x.png
2025-07-18 06:53:46 +0000  copying file ./Assets.car ... 
2025-07-18 06:53:46 +0000  96495 bytes for ./Assets.car
2025-07-18 06:53:46 +0000  copying file ./AppIcon76x76@2x~ipad.png ... 
2025-07-18 06:53:46 +0000  3905 bytes for ./AppIcon76x76@2x~ipad.png
2025-07-18 06:53:46 +0000  copying file ./LaunchScreen.storyboardc/01J-lp-oVM-view-Ze5-6b-2t3.nib ... 
2025-07-18 06:53:46 +0000  1214 bytes for ./LaunchScreen.storyboardc/01J-lp-oVM-view-Ze5-6b-2t3.nib
2025-07-18 06:53:46 +0000  copying file ./LaunchScreen.storyboardc/UIViewController-01J-lp-oVM.nib ... 
2025-07-18 06:53:46 +0000  924 bytes for ./LaunchScreen.storyboardc/UIViewController-01J-lp-oVM.nib
2025-07-18 06:53:46 +0000  copying file ./LaunchScreen.storyboardc/Info.plist ... 
2025-07-18 06:53:46 +0000  258 bytes for ./LaunchScreen.storyboardc/Info.plist
2025-07-18 06:53:46 +0000  copying file ./GRDB_GRDB.bundle/PrivacyInfo.xcprivacy ... 
2025-07-18 06:53:46 +0000  397 bytes for ./GRDB_GRDB.bundle/PrivacyInfo.xcprivacy
2025-07-18 06:53:46 +0000  copying file ./GRDB_GRDB.bundle/Info.plist ... 
2025-07-18 06:53:46 +0000  672 bytes for ./GRDB_GRDB.bundle/Info.plist
2025-07-18 06:53:46 +0000  copying file ./Nutsack ... 
2025-07-18 06:53:46 +0000  10246576 bytes for ./Nutsack
2025-07-18 06:53:46 +0000  copying file ./Frameworks/CryptoSwift.framework/_CodeSignature/CodeResources ... 
2025-07-18 06:53:46 +0000  1798 bytes for ./Frameworks/CryptoSwift.framework/_CodeSignature/CodeResources
2025-07-18 06:53:46 +0000  copying file ./Frameworks/CryptoSwift.framework/CryptoSwift ... 
2025-07-18 06:53:46 +0000  1360736 bytes for ./Frameworks/CryptoSwift.framework/CryptoSwift
2025-07-18 06:53:46 +0000  copying file ./Frameworks/CryptoSwift.framework/Info.plist ... 
2025-07-18 06:53:46 +0000  747 bytes for ./Frameworks/CryptoSwift.framework/Info.plist
2025-07-18 06:53:46 +0000  copying file ./embedded.mobileprovision ... 
2025-07-18 06:53:46 +0000  12467 bytes for ./embedded.mobileprovision
2025-07-18 06:53:46 +0000  copying file ./Info.plist ... 
2025-07-18 06:53:46 +0000  1296 bytes for ./Info.plist
2025-07-18 06:53:46 +0000  copying file ./PkgInfo ... 
2025-07-18 06:53:46 +0000  8 bytes for ./PkgInfo
2025-07-18 06:53:46 +0000  /usr/bin/ditto exited with 0
2025-07-18 06:53:46 +0000  Processing step: IDEDistributionEmbedProfileStep
2025-07-18 06:53:46 +0000  Skipping profile for item: <IDEDistributionItem: 0x600025df0f60; bundleID='com.krzyzanowskim.CryptoSwift', path='<DVTFilePath:0x6000150f5260:'/Users/pablofernandez/Library/Developer/Xcode/Archives/2025-07-18/NutsackiOS 7-18-25, 7.52 AM.xcarchive/Products/Applications/Nutsack.app/Frameworks/CryptoSwift.framework'>', codeSigningInfo='<_DVTCodeSigningInformation_Path: 0x600021973930; isSigned='1', isAdHocSigned='0', signingCertificate='<DVTSigningCertificate: 0x600004d75200; name='Apple Development: Pablo Fernandez (C99QRJCR43)', hash='C9707C2E367F55733A45F1353AEBD98954D8A072', serialNumber='7E302091D8D16DB15477CE65DA3186BE', certificateKinds='(
    "1.2.840.113635.100.6.1.12",
    "1.2.840.113635.100.6.1.2"
), issueDate='2024-09-29 18:31:33 +0000''>', entitlements='(null)', teamID='456SHKPP26', identifier='com.krzyzanowskim.CryptoSwift', executablePath='<DVTFilePath:0x600025d7e940:'/Users/pablofernandez/Library/Developer/Xcode/Archives/2025-07-18/NutsackiOS 7-18-25, 7.52 AM.xcarchive/Products/Applications/Nutsack.app/Frameworks/CryptoSwift.framework/CryptoSwift'>', hardenedRuntime='0'>'>
2025-07-18 06:53:46 +0000  Processing step: IDEDistributionInfoPlistStep
2025-07-18 06:53:46 +0000  Skipping Info.plist step because item: <IDEDistributionItem: 0x600025df0f60; bundleID='com.krzyzanowskim.CryptoSwift', path='<DVTFilePath:0x6000150f5260:'/Users/pablofernandez/Library/Developer/Xcode/Archives/2025-07-18/NutsackiOS 7-18-25, 7.52 AM.xcarchive/Products/Applications/Nutsack.app/Frameworks/CryptoSwift.framework'>', codeSigningInfo='<_DVTCodeSigningInformation_Path: 0x600021973930; isSigned='1', isAdHocSigned='0', signingCertificate='<DVTSigningCertificate: 0x600008d3da40; name='Apple Development: Pablo Fernandez (C99QRJCR43)', hash='C9707C2E367F55733A45F1353AEBD98954D8A072', serialNumber='7E302091D8D16DB15477CE65DA3186BE', certificateKinds='(
    "1.2.840.113635.100.6.1.12",
    "1.2.840.113635.100.6.1.2"
), issueDate='2024-09-29 18:31:33 +0000''>', entitlements='(null)', teamID='456SHKPP26', identifier='com.krzyzanowskim.CryptoSwift', executablePath='<DVTFilePath:0x600025d7e940:'/Users/pablofernandez/Library/Developer/Xcode/Archives/2025-07-18/NutsackiOS 7-18-25, 7.52 AM.xcarchive/Products/Applications/Nutsack.app/Frameworks/CryptoSwift.framework/CryptoSwift'>', hardenedRuntime='0'>'> is a framework or embedded in a framework.
2025-07-18 06:53:46 +0000  Skipping setting DTXcodeBuildDistribution because toolsBuildVersionName was nil.
2025-07-18 06:53:46 +0000  Processing step: IDEDistributionItemRemovalStep
2025-07-18 06:53:46 +0000  Processing step: IDEDistributionAppThinningPlistStep
2025-07-18 06:53:46 +0000  Skipping step: IDEDistributionAppThinningPlistStep because it said so
2025-07-18 06:53:46 +0000  Processing step: IDEDistributionSymbolsStep
2025-07-18 06:53:46 +0000  Writing /var/folders/bl/w2vvyf7n0sq2vrh10pg8bd4h0000gn/T/XcodeDistPipeline.~~~Jt8AFX/Symbols/9A19691A-9638-3193-8B8A-6A0C67492653.symbols
2025-07-18 06:53:46 +0000  Upload Symbols Failed
2025-07-18 06:53:46 +0000  Processing step: IDEDistributionCopyAppleProvidedContentStep
2025-07-18 06:53:46 +0000  Running /usr/bin/ditto '-V' '/Users/pablofernandez/Library/Developer/Xcode/Archives/2025-07-18/NutsackiOS 7-18-25, 7.52 AM.xcarchive/Signatures' '/var/folders/bl/w2vvyf7n0sq2vrh10pg8bd4h0000gn/T/XcodeDistPipeline.~~~Jt8AFX/Root/Signatures'
2025-07-18 06:53:46 +0000  >>> Copying /Users/pablofernandez/Library/Developer/Xcode/Archives/2025-07-18/NutsackiOS 7-18-25, 7.52 AM.xcarchive/Signatures 
2025-07-18 06:53:46 +0000  copying file ./CryptoSwift.xcframework-ios.signature ... 
2025-07-18 06:53:46 +0000  402 bytes for ./CryptoSwift.xcframework-ios.signature
2025-07-18 06:53:46 +0000  /usr/bin/ditto exited with 0
2025-07-18 06:53:46 +0000  Processing step: IDEDistributionAppThinningStep
2025-07-18 06:53:46 +0000  Skipping step: IDEDistributionAppThinningStep because it said so
2025-07-18 06:53:46 +0000  Processing step: IDEDistributionArchThinningStep
2025-07-18 06:53:46 +0000  Item /Users/pablofernandez/Library/Developer/Xcode/Archives/2025-07-18/NutsackiOS 7-18-25, 7.52 AM.xcarchive/Products/Applications/Nutsack.app/Frameworks/CryptoSwift.framework doesn't have the entitlement com.apple.developer.web-browser-engine.host enabled, returning ["arm64e"]
2025-07-18 06:53:46 +0000  Archs to thin for item /Users/pablofernandez/Library/Developer/Xcode/Archives/2025-07-18/NutsackiOS 7-18-25, 7.52 AM.xcarchive/Products/Applications/Nutsack.app/Frameworks/CryptoSwift.framework are ["arm64e"]
2025-07-18 06:53:46 +0000  Running /Applications/Xcode.app/Contents/Developer/Toolchains/XcodeDefault.xctoolchain/usr/bin/lipo '/var/folders/bl/w2vvyf7n0sq2vrh10pg8bd4h0000gn/T/XcodeDistPipeline.~~~Jt8AFX/Root/Payload/Nutsack.app/Frameworks/CryptoSwift.framework/CryptoSwift' '-verify_arch' 'arm64e'
2025-07-18 06:53:46 +0000  /Applications/Xcode.app/Contents/Developer/Toolchains/XcodeDefault.xctoolchain/usr/bin/lipo exited with 1
2025-07-18 06:53:46 +0000  Skipping architecture thinning for item "CryptoSwift" because arch "arm64e" wasn't found
2025-07-18 06:53:46 +0000  Item /Users/pablofernandez/Library/Developer/Xcode/Archives/2025-07-18/NutsackiOS 7-18-25, 7.52 AM.xcarchive/Products/Applications/Nutsack.app doesn't have the entitlement com.apple.developer.web-browser-engine.host enabled, returning ["arm64e"]
2025-07-18 06:53:46 +0000  Archs to thin for item /Users/pablofernandez/Library/Developer/Xcode/Archives/2025-07-18/NutsackiOS 7-18-25, 7.52 AM.xcarchive/Products/Applications/Nutsack.app are ["arm64e"]
2025-07-18 06:53:46 +0000  Running /Applications/Xcode.app/Contents/Developer/Toolchains/XcodeDefault.xctoolchain/usr/bin/lipo '/var/folders/bl/w2vvyf7n0sq2vrh10pg8bd4h0000gn/T/XcodeDistPipeline.~~~Jt8AFX/Root/Payload/Nutsack.app/Nutsack' '-verify_arch' 'arm64e'
2025-07-18 06:53:46 +0000  /Applications/Xcode.app/Contents/Developer/Toolchains/XcodeDefault.xctoolchain/usr/bin/lipo exited with 1
2025-07-18 06:53:46 +0000  Skipping architecture thinning for item "Nutsack" because arch "arm64e" wasn't found
2025-07-18 06:53:46 +0000  Processing step: IDEDistributionODRStep
2025-07-18 06:53:46 +0000  Processing step: IDEDistributionStripXattrsStep
2025-07-18 06:53:46 +0000  Skipping stripping extended attributes because the codesign step will strip them.
2025-07-18 06:53:46 +0000  Skipping stripping extended attributes because the codesign step will strip them.
2025-07-18 06:53:46 +0000  Processing step: IDEDistributionCodesignStep
2025-07-18 06:53:46 +0000  Entitlements for <IDEDistributionItem: 0x600025df0f60; bundleID='com.krzyzanowskim.CryptoSwift', path='<DVTFilePath:0x6000150f5260:'/Users/pablofernandez/Library/Developer/Xcode/Archives/2025-07-18/NutsackiOS 7-18-25, 7.52 AM.xcarchive/Products/Applications/Nutsack.app/Frameworks/CryptoSwift.framework'>', codeSigningInfo='<_DVTCodeSigningInformation_Path: 0x600021973930; isSigned='1', isAdHocSigned='0', signingCertificate='<DVTSigningCertificate: 0x600004d143c0; name='Apple Development: Pablo Fernandez (C99QRJCR43)', hash='C9707C2E367F55733A45F1353AEBD98954D8A072', serialNumber='7E302091D8D16DB15477CE65DA3186BE', certificateKinds='(
    "1.2.840.113635.100.6.1.12",
    "1.2.840.113635.100.6.1.2"
), issueDate='2024-09-29 18:31:33 +0000''>', entitlements='(null)', teamID='456SHKPP26', identifier='com.krzyzanowskim.CryptoSwift', executablePath='<DVTFilePath:0x600025d7e940:'/Users/pablofernandez/Library/Developer/Xcode/Archives/2025-07-18/NutsackiOS 7-18-25, 7.52 AM.xcarchive/Products/Applications/Nutsack.app/Frameworks/CryptoSwift.framework/CryptoSwift'>', hardenedRuntime='0'>'>: {
}
2025-07-18 06:53:46 +0000  Associated App Clip Identifiers Filter: Skipping because "com.apple.developer.associated-appclip-app-identifiers" is not present
2025-07-18 06:53:46 +0000  Entitlements for <IDEDistributionItem: 0x600025df0f60; bundleID='com.krzyzanowskim.CryptoSwift', path='<DVTFilePath:0x6000150f5260:'/Users/pablofernandez/Library/Developer/Xcode/Archives/2025-07-18/NutsackiOS 7-18-25, 7.52 AM.xcarchive/Products/Applications/Nutsack.app/Frameworks/CryptoSwift.framework'>', codeSigningInfo='<_DVTCodeSigningInformation_Path: 0x600021973930; isSigned='1', isAdHocSigned='0', signingCertificate='<DVTSigningCertificate: 0x600004d15b00; name='Apple Development: Pablo Fernandez (C99QRJCR43)', hash='C9707C2E367F55733A45F1353AEBD98954D8A072', serialNumber='7E302091D8D16DB15477CE65DA3186BE', certificateKinds='(
    "1.2.840.113635.100.6.1.12",
    "1.2.840.113635.100.6.1.2"
), issueDate='2024-09-29 18:31:33 +0000''>', entitlements='(null)', teamID='456SHKPP26', identifier='com.krzyzanowskim.CryptoSwift', executablePath='<DVTFilePath:0x600025d7e940:'/Users/pablofernandez/Library/Developer/Xcode/Archives/2025-07-18/NutsackiOS 7-18-25, 7.52 AM.xcarchive/Products/Applications/Nutsack.app/Frameworks/CryptoSwift.framework/CryptoSwift'>', hardenedRuntime='0'>'> are: {
}
2025-07-18 06:53:46 +0000  Writing entitlements for <IDEDistributionItem: 0x600025df0f60; bundleID='com.krzyzanowskim.CryptoSwift', path='<DVTFilePath:0x6000150f5260:'/Users/pablofernandez/Library/Developer/Xcode/Archives/2025-07-18/NutsackiOS 7-18-25, 7.52 AM.xcarchive/Products/Applications/Nutsack.app/Frameworks/CryptoSwift.framework'>', codeSigningInfo='<_DVTCodeSigningInformation_Path: 0x600021973930; isSigned='1', isAdHocSigned='0', signingCertificate='<DVTSigningCertificate: 0x600008d46ac0; name='Apple Development: Pablo Fernandez (C99QRJCR43)', hash='C9707C2E367F55733A45F1353AEBD98954D8A072', serialNumber='7E302091D8D16DB15477CE65DA3186BE', certificateKinds='(
    "1.2.840.113635.100.6.1.12",
    "1.2.840.113635.100.6.1.2"
), issueDate='2024-09-29 18:31:33 +0000''>', entitlements='(null)', teamID='456SHKPP26', identifier='com.krzyzanowskim.CryptoSwift', executablePath='<DVTFilePath:0x600025d7e940:'/Users/pablofernandez/Library/Developer/Xcode/Archives/2025-07-18/NutsackiOS 7-18-25, 7.52 AM.xcarchive/Products/Applications/Nutsack.app/Frameworks/CryptoSwift.framework/CryptoSwift'>', hardenedRuntime='0'>'> to: /var/folders/bl/w2vvyf7n0sq2vrh10pg8bd4h0000gn/T/XcodeDistPipeline.~~~Jt8AFX/entitlements~~~hTqc9m
2025-07-18 06:53:46 +0000  invoking codesign: <NSConcreteTask: 0x600021900000; launchPath='/usr/bin/codesign', arguments='(
    "-f",
    "-s",
    22D4F20A683E1CE09EDA9791112E93BA0DBFA949,
    "--entitlements",
    "/var/folders/bl/w2vvyf7n0sq2vrh10pg8bd4h0000gn/T/XcodeDistPipeline.~~~Jt8AFX/entitlements~~~hTqc9m",
    "--preserve-metadata=identifier,flags,runtime",
    "--generate-entitlement-der",
    "--strip-disallowed-xattrs",
    "-vvv",
    "/var/folders/bl/w2vvyf7n0sq2vrh10pg8bd4h0000gn/T/XcodeDistPipeline.~~~Jt8AFX/Root/Payload/Nutsack.app/Frameworks/CryptoSwift.framework"
)'>
2025-07-18 06:53:46 +0000  codesign output: /var/folders/bl/w2vvyf7n0sq2vrh10pg8bd4h0000gn/T/XcodeDistPipeline.~~~Jt8AFX/Root/Payload/Nutsack.app/Frameworks/CryptoSwift.framework: replacing existing signature
/var/folders/bl/w2vvyf7n0sq2vrh10pg8bd4h0000gn/T/XcodeDistPipeline.~~~Jt8AFX/Root/Payload/Nutsack.app/Frameworks/CryptoSwift.framework: signed bundle with Mach-O universal (armv7 arm64) [com.krzyzanowskim.CryptoSwift]
2025-07-18 06:53:46 +0000  Entitlements for <IDEDistributionItem: 0x600025de2760; bundleID='com.nutsack.wallet', path='<DVTFilePath:0x600025d7d0e0:'/Users/pablofernandez/Library/Developer/Xcode/Archives/2025-07-18/NutsackiOS 7-18-25, 7.52 AM.xcarchive/Products/Applications/Nutsack.app'>', codeSigningInfo='<_DVTCodeSigningInformation_Path: 0x600021978320; isSigned='1', isAdHocSigned='0', signingCertificate='<DVTSigningCertificate: 0x600004d75f80; name='Apple Development: Pablo Fernandez (C99QRJCR43)', hash='C9707C2E367F55733A45F1353AEBD98954D8A072', serialNumber='7E302091D8D16DB15477CE65DA3186BE', certificateKinds='(
    "1.2.840.113635.100.6.1.12",
    "1.2.840.113635.100.6.1.2"
), issueDate='2024-09-29 18:31:33 +0000''>', entitlements='{
    "application-identifier" = "456SHKPP26.com.nutsack.wallet";
    "com.apple.developer.team-identifier" = 456SHKPP26;
    "get-task-allow" = 1;
}', teamID='456SHKPP26', identifier='com.nutsack.wallet', executablePath='<DVTFilePath:0x600025d6cc60:'/Users/pablofernandez/Library/Developer/Xcode/Archives/2025-07-18/NutsackiOS 7-18-25, 7.52 AM.xcarchive/Products/Applications/Nutsack.app/Nutsack'>', hardenedRuntime='0'>'>: {
    "application-identifier" = "456SHKPP26.com.nutsack.wallet";
    "beta-reports-active" = 1;
    "com.apple.developer.team-identifier" = 456SHKPP26;
    "get-task-allow" = 0;
}
2025-07-18 06:53:46 +0000  Associated App Clip Identifiers Filter: Skipping because "com.apple.developer.associated-appclip-app-identifiers" is not present
2025-07-18 06:53:46 +0000  Entitlements for <IDEDistributionItem: 0x600025de2760; bundleID='com.nutsack.wallet', path='<DVTFilePath:0x600025d7d0e0:'/Users/pablofernandez/Library/Developer/Xcode/Archives/2025-07-18/NutsackiOS 7-18-25, 7.52 AM.xcarchive/Products/Applications/Nutsack.app'>', codeSigningInfo='<_DVTCodeSigningInformation_Path: 0x600021978320; isSigned='1', isAdHocSigned='0', signingCertificate='<DVTSigningCertificate: 0x600008d46ac0; name='Apple Development: Pablo Fernandez (C99QRJCR43)', hash='C9707C2E367F55733A45F1353AEBD98954D8A072', serialNumber='7E302091D8D16DB15477CE65DA3186BE', certificateKinds='(
    "1.2.840.113635.100.6.1.12",
    "1.2.840.113635.100.6.1.2"
), issueDate='2024-09-29 18:31:33 +0000''>', entitlements='{
    "application-identifier" = "456SHKPP26.com.nutsack.wallet";
    "com.apple.developer.team-identifier" = 456SHKPP26;
    "get-task-allow" = 1;
}', teamID='456SHKPP26', identifier='com.nutsack.wallet', executablePath='<DVTFilePath:0x600025d6cc60:'/Users/pablofernandez/Library/Developer/Xcode/Archives/2025-07-18/NutsackiOS 7-18-25, 7.52 AM.xcarchive/Products/Applications/Nutsack.app/Nutsack'>', hardenedRuntime='0'>'> are: {
    "application-identifier" = "456SHKPP26.com.nutsack.wallet";
    "beta-reports-active" = 1;
    "com.apple.developer.team-identifier" = 456SHKPP26;
    "get-task-allow" = 0;
}
2025-07-18 06:53:46 +0000  Writing entitlements for <IDEDistributionItem: 0x600025de2760; bundleID='com.nutsack.wallet', path='<DVTFilePath:0x600025d7d0e0:'/Users/pablofernandez/Library/Developer/Xcode/Archives/2025-07-18/NutsackiOS 7-18-25, 7.52 AM.xcarchive/Products/Applications/Nutsack.app'>', codeSigningInfo='<_DVTCodeSigningInformation_Path: 0x600021978320; isSigned='1', isAdHocSigned='0', signingCertificate='<DVTSigningCertificate: 0x600004d76100; name='Apple Development: Pablo Fernandez (C99QRJCR43)', hash='C9707C2E367F55733A45F1353AEBD98954D8A072', serialNumber='7E302091D8D16DB15477CE65DA3186BE', certificateKinds='(
    "1.2.840.113635.100.6.1.12",
    "1.2.840.113635.100.6.1.2"
), issueDate='2024-09-29 18:31:33 +0000''>', entitlements='{
    "application-identifier" = "456SHKPP26.com.nutsack.wallet";
    "com.apple.developer.team-identifier" = 456SHKPP26;
    "get-task-allow" = 1;
}', teamID='456SHKPP26', identifier='com.nutsack.wallet', executablePath='<DVTFilePath:0x600025d6cc60:'/Users/pablofernandez/Library/Developer/Xcode/Archives/2025-07-18/NutsackiOS 7-18-25, 7.52 AM.xcarchive/Products/Applications/Nutsack.app/Nutsack'>', hardenedRuntime='0'>'> to: /var/folders/bl/w2vvyf7n0sq2vrh10pg8bd4h0000gn/T/XcodeDistPipeline.~~~Jt8AFX/entitlements~~~MUhav8
2025-07-18 06:53:46 +0000  invoking codesign: <NSConcreteTask: 0x6000218ac0f0; launchPath='/usr/bin/codesign', arguments='(
    "-f",
    "-s",
    22D4F20A683E1CE09EDA9791112E93BA0DBFA949,
    "--entitlements",
    "/var/folders/bl/w2vvyf7n0sq2vrh10pg8bd4h0000gn/T/XcodeDistPipeline.~~~Jt8AFX/entitlements~~~MUhav8",
    "--preserve-metadata=identifier,flags,runtime",
    "--generate-entitlement-der",
    "--strip-disallowed-xattrs",
    "-vvv",
    "/var/folders/bl/w2vvyf7n0sq2vrh10pg8bd4h0000gn/T/XcodeDistPipeline.~~~Jt8AFX/Root/Payload/Nutsack.app"
)'>
2025-07-18 06:53:46 +0000  codesign output: /var/folders/bl/w2vvyf7n0sq2vrh10pg8bd4h0000gn/T/XcodeDistPipeline.~~~Jt8AFX/Root/Payload/Nutsack.app: replacing existing signature
/var/folders/bl/w2vvyf7n0sq2vrh10pg8bd4h0000gn/T/XcodeDistPipeline.~~~Jt8AFX/Root/Payload/Nutsack.app: signed app bundle with Mach-O thin (arm64) [com.nutsack.wallet]
2025-07-18 06:53:46 +0000  Processing step: IDEDistributionZipODRItemStep
2025-07-18 06:53:46 +0000  Skipping step: IDEDistributionZipODRItemStep because it said so
2025-07-18 06:53:46 +0000  Skipping step: IDEDistributionZipODRItemStep because it said so
2025-07-18 06:53:46 +0000  Processing step: IDEDistributionCreateIPAStep
2025-07-18 06:53:46 +0000  Running /usr/bin/rsync '-8aPhhE' '/var/folders/bl/w2vvyf7n0sq2vrh10pg8bd4h0000gn/T/XcodeDistPipeline.~~~Jt8AFX/Symbols' '--link-dest' '/var/folders/bl/w2vvyf7n0sq2vrh10pg8bd4h0000gn/T/XcodeDistPipeline.~~~Jt8AFX' '/var/folders/bl/w2vvyf7n0sq2vrh10pg8bd4h0000gn/T/XcodeDistPipeline.~~~Jt8AFX/Root'
2025-07-18 06:53:46 +0000  Symbols/
Symbols/9A19691A-9638-3193-8B8A-6A0C67492653.symbols
2025-07-18 06:53:46 +0000  /usr/bin/rsync exited with 0
2025-07-18 06:53:46 +0000  Running /usr/bin/ditto '-V' '-c' '-k' '--norsrc' '/var/folders/bl/w2vvyf7n0sq2vrh10pg8bd4h0000gn/T/XcodeDistPipeline.~~~Jt8AFX/Root' '/var/folders/bl/w2vvyf7n0sq2vrh10pg8bd4h0000gn/T/XcodeDistPipeline.~~~Jt8AFX/Packages/Nutsack.ipa'
2025-07-18 06:53:46 +0000  >>> Copying /var/folders/bl/w2vvyf7n0sq2vrh10pg8bd4h0000gn/T/XcodeDistPipeline.~~~Jt8AFX/Root 
2025-07-18 06:53:46 +0000  copying file ./Signatures/CryptoSwift.xcframework-ios.signature ... 
2025-07-18 06:53:46 +0000  402 bytes for ./Signatures/CryptoSwift.xcframework-ios.signature
2025-07-18 06:53:46 +0000  copying file ./Payload/Nutsack.app/_CodeSignature/CodeResources ... 
2025-07-18 06:53:46 +0000  5213 bytes for ./Payload/Nutsack.app/_CodeSignature/CodeResources
2025-07-18 06:53:46 +0000  copying file ./Payload/Nutsack.app/QR_CODE_IMPROVEMENTS.md ... 
2025-07-18 06:53:46 +0000  1856 bytes for ./Payload/Nutsack.app/QR_CODE_IMPROVEMENTS.md
2025-07-18 06:53:46 +0000  copying file ./Payload/Nutsack.app/AppIcon60x60@2x.png ... 
2025-07-18 06:53:46 +0000  3218 bytes for ./Payload/Nutsack.app/AppIcon60x60@2x.png
2025-07-18 06:53:46 +0000  copying file ./Payload/Nutsack.app/Assets.car ... 
2025-07-18 06:53:46 +0000  96495 bytes for ./Payload/Nutsack.app/Assets.car
2025-07-18 06:53:46 +0000  copying file ./Payload/Nutsack.app/AppIcon76x76@2x~ipad.png ... 
2025-07-18 06:53:46 +0000  3905 bytes for ./Payload/Nutsack.app/AppIcon76x76@2x~ipad.png
2025-07-18 06:53:46 +0000  copying file ./Payload/Nutsack.app/LaunchScreen.storyboardc/01J-lp-oVM-view-Ze5-6b-2t3.nib ... 
2025-07-18 06:53:46 +0000  1214 bytes for ./Payload/Nutsack.app/LaunchScreen.storyboardc/01J-lp-oVM-view-Ze5-6b-2t3.nib
2025-07-18 06:53:46 +0000  copying file ./Payload/Nutsack.app/LaunchScreen.storyboardc/UIViewController-01J-lp-oVM.nib ... 
2025-07-18 06:53:46 +0000  924 bytes for ./Payload/Nutsack.app/LaunchScreen.storyboardc/UIViewController-01J-lp-oVM.nib
2025-07-18 06:53:46 +0000  copying file ./Payload/Nutsack.app/LaunchScreen.storyboardc/Info.plist ... 
2025-07-18 06:53:46 +0000  258 bytes for ./Payload/Nutsack.app/LaunchScreen.storyboardc/Info.plist
2025-07-18 06:53:46 +0000  copying file ./Payload/Nutsack.app/GRDB_GRDB.bundle/PrivacyInfo.xcprivacy ... 
2025-07-18 06:53:46 +0000  397 bytes for ./Payload/Nutsack.app/GRDB_GRDB.bundle/PrivacyInfo.xcprivacy
copying file ./Payload/Nutsack.app/GRDB_GRDB.bundle/Info.plist ... 
2025-07-18 06:53:46 +0000  672 bytes for ./Payload/Nutsack.app/GRDB_GRDB.bundle/Info.plist
2025-07-18 06:53:46 +0000  copying file ./Payload/Nutsack.app/Nutsack ... 
2025-07-18 06:53:47 +0000  10246640 bytes for ./Payload/Nutsack.app/Nutsack
2025-07-18 06:53:47 +0000  copying file ./Payload/Nutsack.app/Frameworks/CryptoSwift.framework/_CodeSignature/CodeResources ... 
2025-07-18 06:53:47 +0000  1798 bytes for ./Payload/Nutsack.app/Frameworks/CryptoSwift.framework/_CodeSignature/CodeResources
copying file ./Payload/Nutsack.app/Frameworks/CryptoSwift.framework/CryptoSwift ... 
2025-07-18 06:53:47 +0000  1360736 bytes for ./Payload/Nutsack.app/Frameworks/CryptoSwift.framework/CryptoSwift
2025-07-18 06:53:47 +0000  copying file ./Payload/Nutsack.app/Frameworks/CryptoSwift.framework/Info.plist ... 
747 bytes for ./Payload/Nutsack.app/Frameworks/CryptoSwift.framework/Info.plist
2025-07-18 06:53:47 +0000  copying file ./Payload/Nutsack.app/embedded.mobileprovision ... 
2025-07-18 06:53:47 +0000  18388 bytes for ./Payload/Nutsack.app/embedded.mobileprovision
2025-07-18 06:53:47 +0000  copying file ./Payload/Nutsack.app/Info.plist ... 
2025-07-18 06:53:47 +0000  1327 bytes for ./Payload/Nutsack.app/Info.plist
copying file ./Payload/Nutsack.app/PkgInfo ... 
2025-07-18 06:53:47 +0000  8 bytes for ./Payload/Nutsack.app/PkgInfo
2025-07-18 06:53:47 +0000  copying file ./Symbols/9A19691A-9638-3193-8B8A-6A0C67492653.symbols ... 
2025-07-18 06:53:47 +0000  22176220 bytes for ./Symbols/9A19691A-9638-3193-8B8A-6A0C67492653.symbols
2025-07-18 06:53:47 +0000  /usr/bin/ditto exited with 0
2025-07-18 06:53:47 +0000  Processing step: IDEDistributionAppStoreInformationStep
2025-07-18 06:53:47 +0000  Skipping step: IDEDistributionAppStoreInformationStep because it said so
2025-07-18 06:53:47 +0000  Processing step: IDEDistributionGenerateProcessedDistributionItems
2025-07-18 06:53:47 +0000  IDEDistributionItem init <DVTFilePath:0x600029328000:'/var/folders/bl/w2vvyf7n0sq2vrh10pg8bd4h0000gn/T/XcodeDistPipeline.~~~Jt8AFX/Root/Payload/Nutsack.app/Frameworks/CryptoSwift.framework'>
2025-07-18 06:53:47 +0000  IDEDistributionItem init <DVTFilePath:0x600025dea0a0:'/var/folders/bl/w2vvyf7n0sq2vrh10pg8bd4h0000gn/T/XcodeDistPipeline.~~~Jt8AFX/Root/Payload/Nutsack.app'>
2025-07-18 06:53:47 +0000  Processing step: IDEDistributionCreateManifestStep
2025-07-18 06:53:47 +0000  Skipping step: IDEDistributionCreateManifestStep because it said so
